// Jest Snapshot v1, https://goo.gl/fbAQLP

exports[`renders with snapshot 1`] = `
<div
  className="aside-filter"
>
  <div
    className="aside-filter__header"
  >
    <h3
      className="aside-filter__title"
    >
      Filters
    </h3>
    <button
      className="aside-filter__button"
      onClick={[Function]}
    >
      Reset all
    </button>
  </div>
  <div
    className="aside-filter__wrapper"
  >
    <div
      className="filter-parameter filter-parameter__hide"
    >
      <div
        className="filter-parameter__header"
      >
        <h5
          className="filter-parameter__title"
        >
          Price
        </h5>
        <button
          className="filter-parameter__button"
          onClick={[Function]}
        />
      </div>
      <div
        className="filter-parameter__container price-container"
      >
        <input
          data-index={0}
          onChange={[Function]}
          placeholder="51"
          type="text"
          value=""
        />
        <span>
          -
        </span>
        <input
          data-index={1}
          onChange={[Function]}
          placeholder="214453"
          type="text"
          value=""
        />
      </div>
    </div>
    <div
      className="filter-parameter filter-parameter__hide"
    >
      <div
        className="filter-parameter__header"
      >
        <h5
          className="filter-parameter__title"
        >
          Collection
        </h5>
        <button
          className="filter-parameter__button"
          onClick={[Function]}
        />
      </div>
      <div
        className="filter-parameter__container"
      >
        <label
          className="filter-parameter__checkbox"
          data-category-name="vintage"
          onClick={[Function]}
        >
          <input
            type="checkbox"
          />
          <span>
            Vintage
          </span>
        </label>
        <label
          className="filter-parameter__checkbox"
          data-category-name="seabed"
          onClick={[Function]}
        >
          <input
            type="checkbox"
          />
          <span>
            Seabed
          </span>
        </label>
        <label
          className="filter-parameter__checkbox"
          data-category-name="refinement"
          onClick={[Function]}
        >
          <input
            type="checkbox"
          />
          <span>
            Refinement
          </span>
        </label>
        <label
          className="filter-parameter__checkbox"
          data-category-name="capsule"
          onClick={[Function]}
        >
          <input
            type="checkbox"
          />
          <span>
            Capsule
          </span>
        </label>
        <label
          className="filter-parameter__checkbox"
          data-category-name="max spass"
          onClick={[Function]}
        >
          <input
            type="checkbox"
          />
          <span>
            Max Spass
          </span>
        </label>
      </div>
    </div>
    <div
      className="filter-parameter filter-parameter__hide"
    >
      <div
        className="filter-parameter__header"
      >
        <h5
          className="filter-parameter__title"
        >
          Insert
        </h5>
        <button
          className="filter-parameter__button"
          onClick={[Function]}
        />
      </div>
      <div
        className="filter-parameter__container"
      >
        <label
          className="filter-parameter__checkbox"
          data-category-name="Without inserting"
          onClick={[Function]}
        >
          <input
            type="checkbox"
          />
          <span>
            Without insertion
          </span>
        </label>
        <label
          className="filter-parameter__checkbox"
          data-category-name="pearl"
          onClick={[Function]}
        >
          <input
            type="checkbox"
          />
          <span>
            Pearl
          </span>
        </label>
        <label
          className="filter-parameter__checkbox"
          data-category-name="zirconia"
          onClick={[Function]}
        >
          <input
            type="checkbox"
          />
          <span>
            Zirconia
          </span>
        </label>
        <label
          className="filter-parameter__checkbox"
          data-category-name="diamond"
          onClick={[Function]}
        >
          <input
            type="checkbox"
          />
          <span>
            Diamond
          </span>
        </label>
        <label
          className="filter-parameter__checkbox"
          data-category-name="Pearl and diamonds"
          onClick={[Function]}
        >
          <input
            type="checkbox"
          />
          <span>
            Pearl and diamonds
          </span>
        </label>
        <label
          className="filter-parameter__checkbox"
          data-category-name="semi-precious"
          onClick={[Function]}
        >
          <input
            type="checkbox"
          />
          <span>
            Semi-precious
          </span>
        </label>
        <label
          className="filter-parameter__checkbox"
          data-category-name="nacre"
          onClick={[Function]}
        >
          <input
            type="checkbox"
          />
          <span>
            Nacre
          </span>
        </label>
        <label
          className="filter-parameter__checkbox"
          data-category-name="amethyst"
          onClick={[Function]}
        >
          <input
            type="checkbox"
          />
          <span>
            Amethyst
          </span>
        </label>
        <label
          className="filter-parameter__checkbox"
          data-category-name="onixl"
          onClick={[Function]}
        >
          <input
            type="checkbox"
          />
          <span>
            Onixl
          </span>
        </label>
      </div>
    </div>
    <div
      className="filter-parameter filter-parameter__hide"
    >
      <div
        className="filter-parameter__header"
      >
        <h5
          className="filter-parameter__title"
        >
          Insert number
        </h5>
        <button
          className="filter-parameter__button"
          onClick={[Function]}
        />
      </div>
      <div
        className="filter-parameter__container price-container"
      >
        <input
          onChange={[Function]}
          placeholder="1"
          type="text"
          value={0}
        />
      </div>
    </div>
    <div
      className="filter-parameter filter-parameter__hide"
    >
      <div
        className="filter-parameter__header"
      >
        <h5
          className="filter-parameter__title"
        >
          Metal
        </h5>
        <button
          className="filter-parameter__button"
          onClick={[Function]}
        />
      </div>
      <div
        className="filter-parameter__container"
      >
        <label
          className="filter-parameter__checkbox"
          data-category-name="Gold"
          onClick={[Function]}
        >
          <input
            type="checkbox"
          />
          <span>
            Gold
          </span>
        </label>
        <label
          className="filter-parameter__checkbox"
          data-category-name="Silver"
          onClick={[Function]}
        >
          <input
            type="checkbox"
          />
          <span>
            Silver
          </span>
        </label>
      </div>
    </div>
    <div
      className="filter-parameter filter-parameter__hide"
    >
      <div
        className="filter-parameter__header"
      >
        <h5
          className="filter-parameter__title"
        >
          Metal color
        </h5>
        <button
          className="filter-parameter__button"
          onClick={[Function]}
        />
      </div>
      <div
        className="filter-parameter__container"
      >
        <label
          className="filter-parameter__checkbox"
          data-category-name="White"
          onClick={[Function]}
        >
          <input
            type="checkbox"
          />
          <span>
            White
          </span>
        </label>
        <label
          className="filter-parameter__checkbox"
          data-category-name="Yellow"
          onClick={[Function]}
        >
          <input
            type="checkbox"
          />
          <span>
            Yellow
          </span>
        </label>
        <label
          className="filter-parameter__checkbox"
          data-category-name="Red"
          onClick={[Function]}
        >
          <input
            type="checkbox"
          />
          <span>
            Red
          </span>
        </label>
      </div>
    </div>
    <div
      className="filter-parameter filter-parameter__hide"
    >
      <div
        className="filter-parameter__header"
      >
        <h5
          className="filter-parameter__title"
        >
          Sample
        </h5>
        <button
          className="filter-parameter__button"
          onClick={[Function]}
        />
      </div>
      <div
        className="filter-parameter__container"
      >
        <label
          className="filter-parameter__checkbox"
          data-category-name={575}
          onClick={[Function]}
        >
          <input
            type="checkbox"
          />
          <span>
            575
          </span>
        </label>
        <label
          className="filter-parameter__checkbox"
          data-category-name={585}
          onClick={[Function]}
        >
          <input
            type="checkbox"
          />
          <span>
            585
          </span>
        </label>
        <label
          className="filter-parameter__checkbox"
          data-category-name={750}
          onClick={[Function]}
        >
          <input
            type="checkbox"
          />
          <span>
            750
          </span>
        </label>
        <label
          className="filter-parameter__checkbox"
          data-category-name={958}
          onClick={[Function]}
        >
          <input
            type="checkbox"
          />
          <span>
            958
          </span>
        </label>
        <label
          className="filter-parameter__checkbox"
          data-category-name={985}
          onClick={[Function]}
        >
          <input
            type="checkbox"
          />
          <span>
            985
          </span>
        </label>
      </div>
    </div>
    <div
      className="filter-parameter filter-parameter__hide"
    >
      <div
        className="filter-parameter__header"
      >
        <h5
          className="filter-parameter__title"
        >
          Product Type
        </h5>
        <button
          className="filter-parameter__button"
          onClick={[Function]}
        />
      </div>
      <div
        className="filter-parameter__container"
      >
        <label
          className="filter-parameter__checkbox"
          data-category-name="bracelet"
          onChange={[Function]}
        >
          <input
            type="checkbox"
          />
          <span>
            Bracelet
          </span>
        </label>
        <label
          className="filter-parameter__checkbox"
          data-category-name="ring wedding-ring engagement-ring"
          onChange={[Function]}
        >
          <input
            type="checkbox"
          />
          <span>
            Ring
          </span>
        </label>
        <label
          className="filter-parameter__checkbox"
          data-category-name="earring child-earrings"
          onChange={[Function]}
        >
          <input
            type="checkbox"
          />
          <span>
            Earring
          </span>
        </label>
        <label
          className="filter-parameter__checkbox"
          data-category-name="cross"
          onChange={[Function]}
        >
          <input
            type="checkbox"
          />
          <span>
            Cross
          </span>
        </label>
        <label
          className="filter-parameter__checkbox"
          data-category-name="pendant"
          onChange={[Function]}
        >
          <input
            type="checkbox"
          />
          <span>
            Pendant
          </span>
        </label>
        <label
          className="filter-parameter__checkbox"
          data-category-name="pearl"
          onChange={[Function]}
        >
          <input
            type="checkbox"
          />
          <span>
            Pearl
          </span>
        </label>
      </div>
    </div>
  </div>
</div>
`;
